// Jest Snapshot v1, https://goo.gl/fbAQLP

exports[`Parks component matches snapshot 1`] = `
<DocumentFragment>
  <div>
    <h2
      role="exp"
    >
      <a
        data-testid="link"
        href="/"
      >
        <span
          aria-label="happy"
          role="img"
        >
          ðŸ™‚
        </span>
        This is my Experience
      </a>
    </h2>
  </div>
</DocumentFragment>
`;
